Yes, a path exists with distance 18
Path taken: ['a', 'b', 'c', 'h', 'i']
