Yes, a path exists with distance 7
Path taken: ['a', 'b', 'c']
