Yes, a path exists with distance 11
Path taken: ['a', 'c', 'd']
