Yes, a path exists with distance 20
Path taken: ['a', 'e', 'b']
