Yes, a path exists with distance 30
Path taken: ['a', 'b', 'c', 'd', 'f']
