Yes, a path exists with distance 50
Path taken: ['a', 'f', 'g']
